[www.kaossedgeofficial.com/index.html]
[backblue.gif]
[fade.gif]
[index.html]
[www.kaossedgeofficial.com/ke_ripflow/apple-touch-icon.png]
[www.kaossedgeofficial.com/css/normalize.min.css]
[www.kaossedgeofficial.com/css/main.css]
[www.kaossedgeofficial.com/css/webfonts.css]
[www.kaossedgeofficial.com/skull32.gif]
[www.kaossedgeofficial.com/js/vendor/modernizr-2.8.3.min.js]
[www.kaossedgeofficial.com/js/jquery.min.js]
[www.kaossedgeofficial.com/img/chico.png]
[www.kaossedgeofficial.com/img/deadface.png]
[www.kaossedgeofficial.com/img/design/burn.gif]
[www.kaossedgeofficial.com/Rio's Attic - Timeline of a Phoenix_files/1.b.delayed]
[www.kaossedgeofficial.com/img/Motherlode/Misc/Slime Textures/Cloudy Cum.jpg]
[www.kaossedgeofficial.com/Rio's Attic - Timeline of a Phoenix_files/2.gif]
[www.kaossedgeofficial.com/img/young lizzard.png]
[www.kaossedgeofficial.com/img/Motherlode/Misc/21fa8a7a79b5231d5d9c8733c6f85dc6.jpg]
[www.kaossedgeofficial.com/Rio's Attic - Timeline of a Phoenix_files/2-3.gif]
[www.kaossedgeofficial.com/Rio's Attic - Timeline of a Phoenix_files/3.gif]
[www.kaossedgeofficial.com/Rio's Attic - Timeline of a Phoenix_files/3-0.gif]
[www.kaossedgeofficial.com/Rio's Attic - Timeline of a Phoenix_files/3-1.gif]
[www.kaossedgeofficial.com/img/remembered.jpg]
[www.kaossedgeofficial.com/Rio's Attic - Timeline of a Phoenix_files/3-2.gif]
[www.kaossedgeofficial.com/Rio's Attic - Timeline of a Phoenix_files/3-3.gif]
[www.kaossedgeofficial.com/Rio's Attic - Timeline of a Phoenix_files/4.gif]
[www.kaossedgeofficial.com/Rio's Attic - Timeline of a Phoenix_files/4-0.gif]
[www.kaossedgeofficial.com/Rio's Attic - Timeline of a Phoenix_files/4-1.gif]
[www.kaossedgeofficial.com/Rio's Attic - Timeline of a Phoenix_files/4-2.gif]
[www.kaossedgeofficial.com/img/acquiring.png]
[www.kaossedgeofficial.com/Rio's Attic - Timeline of a Phoenix_files/4-3.gif]
[www.kaossedgeofficial.com/ke_ripflow/Rio's Attic - Timeline of a Phoenix_files/5.gif]
[www.kaossedgeofficial.com/ke_ripflow/Rio's Attic - Timeline of a Phoenix_files/5b-0.gif]
[www.kaossedgeofficial.com/ke_ripflow/Rio's Attic - Timeline of a Phoenix_files/5b-1.gif]
[www.kaossedgeofficial.com/ke_ripflow/Rio's Attic - Timeline of a Phoenix_files/5b-2.gif]
[www.kaossedgeofficial.com/img/world.jpg]
[www.kaossedgeofficial.com/ke_ripflow/Rio's Attic - Timeline of a Phoenix_files/5b-3.gif]
[www.kaossedgeofficial.com/ke_ripflow/Rio's Attic - Timeline of a Phoenix_files/5b-4.gif]
[www.kaossedgeofficial.com/ke_ripflow/Rio's Attic - Timeline of a Phoenix_files/5b-5.gif]
[www.kaossedgeofficial.com/ke_ripflow/Rio's Attic - Quoting Phoenix_files/vertical-shadow.gif]
[www.kaossedgeofficial.com/ke_ripflow/Rio's Attic - Quoting Phoenix_files/dot-clear.gif]
[www.kaossedgeofficial.com/ke_lineup.html]
[www.kaossedgeofficial.com/ke_kronos.html]
[www.kaossedgeofficial.com/ke_discog.html]
[www.kaossedgeofficial.com/ke_hyperhall.html]
[www.kaossedgeofficial.com/ke_subscribe.html]
[www.kaossedgeofficial.com/media/boyceketrax/Kaoss Edge - Looking Glass.mp3]
[www.kaossedgeofficial.com/img/newjank/chainpasta.jpg]
[www.kaossedgeofficial.com/ke_ripflow/flow_runes2/g.gif]
[www.kaossedgeofficial.com/img/newjank/kryocake.jpg]
[www.kaossedgeofficial.com/ke_ripflow/flow_runes2/n.gif]
[www.kaossedgeofficial.com/img/newjank/fallingoutwithiodione.jpg]
[www.kaossedgeofficial.com/ke_ripflow/flow_runes2/o.gif]
[www.kaossedgeofficial.com/img/Motherlode/Misc/IMG_3060.jpg]
[www.kaossedgeofficial.com/img/newjank/relaxing.jpg]
[www.kaossedgeofficial.com/ke_ripflow/flow_runes2/i.gif]
[www.kaossedgeofficial.com/img/newjank/fire.jpg]
[www.kaossedgeofficial.com/ke_ripflow/flow_runes2/d.gif]
[www.kaossedgeofficial.com/img/newjank/studio.jpg]
[www.kaossedgeofficial.com/ke_ripflow/flow_runes2/l.gif]
[www.kaossedgeofficial.com/cdn-cgi/l/email-protection.html]
[www.kaossedgeofficial.com/index.html]
[www.kaossedgeofficial.com/ke_ripflow/apple-touch-icon.html]
[www.kaossedgeofficial.com/css/normalize.min.css]
[www.kaossedgeofficial.com/cdn-cgi/scripts/5c5dd728/cloudflare-static/email-decode.min.js]
[www.kaossedgeofficial.com/img/dungeon.gif]
[www.kaossedgeofficial.com/img/alienskein02.gif]
[www.kaossedgeofficial.com/img/lavablock.jpg]
[www.kaossedgeofficial.com/img/disc/bg_crossed.png]
[www.kaossedgeofficial.com/img/roachskin/anthro.png]
[www.kaossedgeofficial.com/css/main.css]
[www.kaossedgeofficial.com/css/a_song_for_jennifer-webfont.woff2]
[www.kaossedgeofficial.com/css/a_song_for_jennifer-webfont.eot]
[www.kaossedgeofficial.com/css/a_song_for_jennifer-webfont.woff]
[www.kaossedgeofficial.com/css/a_song_for_jennifer-webfont.ttf]
[www.kaossedgeofficial.com/css/a_song_for_jennifer-webfontd41d.eot]
[www.kaossedgeofficial.com/css/abandon_2-webfont.woff2]
[www.kaossedgeofficial.com/css/abandon_2-webfont.eot]
[www.kaossedgeofficial.com/css/abandon_2-webfont.woff]
[www.kaossedgeofficial.com/css/abandon_2-webfontd41d.eot]
[www.kaossedgeofficial.com/css/abandon_2-webfont.ttf]
[www.kaossedgeofficial.com/css/anti-everything-webfont.eot]
[www.kaossedgeofficial.com/css/anti-everything-webfontd41d.eot]
[www.kaossedgeofficial.com/css/anti-everything-webfont.woff2]
[www.kaossedgeofficial.com/css/anti-everything-webfont.woff]
[www.kaossedgeofficial.com/css/anti-everything-webfont.ttf]
[www.kaossedgeofficial.com/css/another-webfont.eot]
[www.kaossedgeofficial.com/css/another-webfont.woff2]
[www.kaossedgeofficial.com/css/another-webfont.woff]
[www.kaossedgeofficial.com/css/another-webfontd41d.eot]
[www.kaossedgeofficial.com/css/another-webfont.ttf]
[www.kaossedgeofficial.com/css/dreammachine-webfont.eot]
[www.kaossedgeofficial.com/css/dreammachine-webfont.woff2]
[www.kaossedgeofficial.com/css/dreammachine-webfontd41d.eot]
[www.kaossedgeofficial.com/css/dreammachine-webfont.woff]
[www.kaossedgeofficial.com/css/dreammachine-webfont.ttf]
[www.kaossedgeofficial.com/css/grunge-webfont.eot]
[www.kaossedgeofficial.com/css/grunge-webfont.woff2]
[www.kaossedgeofficial.com/css/grunge-webfontd41d.eot]
[www.kaossedgeofficial.com/css/grunge-webfont.woff]
[www.kaossedgeofficial.com/css/grunge-webfont.ttf]
[www.kaossedgeofficial.com/css/octavianmt-webfont.woff2]
[www.kaossedgeofficial.com/css/octavianmt-webfont.eot]
[www.kaossedgeofficial.com/css/octavianmt-webfont.woff]
[www.kaossedgeofficial.com/css/octavianmt-webfontd41d.eot]
[www.kaossedgeofficial.com/css/octavianmt-webfont.ttf]
[www.kaossedgeofficial.com/css/mixit-webfont.woff2]
[www.kaossedgeofficial.com/css/mixit-webfont.eot]
[www.kaossedgeofficial.com/css/mixit-webfont.woff]
[www.kaossedgeofficial.com/css/mixit-webfont.ttf]
[www.kaossedgeofficial.com/css/mixit-webfontd41d.eot]
[www.kaossedgeofficial.com/css/questlokshadow-webfont.woff2]
[www.kaossedgeofficial.com/css/questlokshadow-webfont.eot]
[www.kaossedgeofficial.com/css/questlokshadow-webfont.woff]
[www.kaossedgeofficial.com/css/questlokshadow-webfontd41d.eot]
[www.kaossedgeofficial.com/css/questlokshadow-webfont.ttf]
[www.kaossedgeofficial.com/css/scrawl-webfont.eot]
[www.kaossedgeofficial.com/css/scrawl-webfontd41d.eot]
[www.kaossedgeofficial.com/css/scrawl-webfont.woff2]
[www.kaossedgeofficial.com/css/scrawl-webfont.woff]
[www.kaossedgeofficial.com/css/scrawl-webfont.ttf]
[www.kaossedgeofficial.com/css/splurge-webfont.woff2]
[www.kaossedgeofficial.com/css/splurge-webfont.eot]
[www.kaossedgeofficial.com/css/splurge-webfont.woff]
[www.kaossedgeofficial.com/css/splurge-webfont.ttf]
[www.kaossedgeofficial.com/css/splurge-webfontd41d.eot]
[www.kaossedgeofficial.com/css/threadneedle-regular-webfont.eot]
[www.kaossedgeofficial.com/css/threadneedle-regular-webfontd41d.eot]
[www.kaossedgeofficial.com/css/threadneedle-regular-webfont.woff2]
[www.kaossedgeofficial.com/css/threadneedle-regular-webfont.woff]
[www.kaossedgeofficial.com/css/threadneedle-regular-webfont.ttf]
[www.kaossedgeofficial.com/css/tommys-webfont.woff2]
[www.kaossedgeofficial.com/css/tommys-webfont.eot]
[www.kaossedgeofficial.com/css/tommys-webfont.woff]
[www.kaossedgeofficial.com/css/tommys-webfont.ttf]
[www.kaossedgeofficial.com/css/tommys-webfontd41d.eot]
[www.kaossedgeofficial.com/css/tooth31-medium-webfont.woff2]
[www.kaossedgeofficial.com/css/tooth31-medium-webfont.eot]
[www.kaossedgeofficial.com/css/tooth31-medium-webfont.woff]
[www.kaossedgeofficial.com/css/tooth31-medium-webfontd41d.eot]
[www.kaossedgeofficial.com/css/tooth31-medium-webfont.ttf]
[www.kaossedgeofficial.com/css/vtks_money2_3-webfont.woff2]
[www.kaossedgeofficial.com/css/vtks_money2_3-webfont.woff]
[www.kaossedgeofficial.com/css/vtks_money2_3-webfont.eot]
[www.kaossedgeofficial.com/css/vtks_money2_3-webfont.ttf]
[www.kaossedgeofficial.com/css/vtks_money2_3-webfontd41d.eot]
[www.kaossedgeofficial.com/css/webfonts.css]
[www.googletagmanager.com/gtm5445.html]
[www.kaossedgeofficial.com/Rio's Attic - Timeline of a Phoenix_files/1.html]
[www.kaossedgeofficial.com/Rio's Attic - Timeline of a Phoenix_files/2.html]
[www.kaossedgeofficial.com/Rio's Attic - Timeline of a Phoenix_files/2-3.html]
[www.kaossedgeofficial.com/Rio's Attic - Timeline of a Phoenix_files/3.html]
[www.kaossedgeofficial.com/Rio's Attic - Timeline of a Phoenix_files/3-0.html]
[www.kaossedgeofficial.com/Rio's Attic - Timeline of a Phoenix_files/3-1.html]
[www.kaossedgeofficial.com/Rio's Attic - Timeline of a Phoenix_files/3-2.html]
[www.kaossedgeofficial.com/Rio's Attic - Timeline of a Phoenix_files/3-3.html]
[www.kaossedgeofficial.com/Rio's Attic - Timeline of a Phoenix_files/4.html]
[www.kaossedgeofficial.com/Rio's Attic - Timeline of a Phoenix_files/4-0.html]
[www.kaossedgeofficial.com/Rio's Attic - Timeline of a Phoenix_files/4-1.html]
[www.kaossedgeofficial.com/Rio's Attic - Timeline of a Phoenix_files/4-2.html]
[www.kaossedgeofficial.com/Rio's Attic - Timeline of a Phoenix_files/4-3.html]
[www.kaossedgeofficial.com/ke_ripflow/Rio's Attic - Timeline of a Phoenix_files/5.html]
[www.kaossedgeofficial.com/ke_ripflow/Rio's Attic - Timeline of a Phoenix_files/5b-0.html]
[www.kaossedgeofficial.com/ke_ripflow/Rio's Attic - Timeline of a Phoenix_files/5b-1.html]
[www.kaossedgeofficial.com/ke_ripflow/Rio's Attic - Timeline of a Phoenix_files/5b-2.html]
[www.kaossedgeofficial.com/ke_ripflow/Rio's Attic - Timeline of a Phoenix_files/5b-3.html]
[www.kaossedgeofficial.com/ke_ripflow/Rio's Attic - Timeline of a Phoenix_files/5b-4.html]
[www.kaossedgeofficial.com/ke_ripflow/Rio's Attic - Timeline of a Phoenix_files/5b-5.html]
[www.kaossedgeofficial.com/ke_ripflow/Rio's Attic - Quoting Phoenix_files/vertical-shadow.html]
[www.kaossedgeofficial.com/ke_ripflow/Rio's Attic - Quoting Phoenix_files/dot-clear.html]
[www.kaossedgeofficial.com/apple-touch-icon.png]
[www.kaossedgeofficial.com/css/glitch.css]
[www.kaossedgeofficial.com/ke_index.html]
[www.kaossedgeofficial.com/img/Motherlode/Misc/9.png]
[www.kaossedgeofficial.com/img/KE.png]
[www.kaossedgeofficial.com/media/Oozing.mp3]
[www.kaossedgeofficial.com/img/flow.png]
[cdn.hiphopwired.com/wp-content/uploads/2014/07/jerry-heller-200x143.89.delayed]
[www.kaossedgeofficial.com/img/krank.png]
[www.kaossedgeofficial.com/img/Motherlode/Gifs/tumblr_mjuk8v2LzI1r34zhyo8_400.gif]
[www.kaossedgeofficial.com/img/newjank/headdecapitators.png]
[www.kaossedgeofficial.com/img/Motherlode/Misc/1.png]
[www.kaossedgeofficial.com/img/Motherlode/Misc/z4kT3rq.jpg]
[www.cygnus-x1.net/links/rush/images/books/keyboard-09.1984/keyboard-09.1984-2.jpg]
[www.kaossedgeofficial.com/img/malkon.png]
[www.kaossedgeofficial.com/img/Motherlode/Gifs/tumblr_mjuk8v2LzI1r34zhyo7_400.gif]
[www.kaossedgeofficial.com/Discography (with pictures)_files/bbuttn.93.delayed]
[www.kaossedgeofficial.com/occasional.html]
[www.kaossedgeofficial.com/Discography (with pictures)_files/counter.gif]
[www.kaossedgeofficial.com/Discography (with pictures)_files/smbswap.98.delayed]
[www.kaossedgeofficial.com/ke_lineup.html]
[www.kaossedgeofficial.com/css/rio_main.css]
[www.kaossedgeofficial.com/img/design/levela.gif]
[www.kaossedgeofficial.com/img/bonezone.png]
[www.kaossedgeofficial.com/img/asshole.png]
[www.kaossedgeofficial.com/img/unid.jpg]
[www.kaossedgeofficial.com/rio/1.9e.delayed]
[www.kaossedgeofficial.com/img/rider.gif]
[www.kaossedgeofficial.com/img/Motherlode/Fang/027.jpg]
[www.kaossedgeofficial.com/img/Motherlode/Fang/046.jpg]
[www.kaossedgeofficial.com/img/Motherlode/Fang/017.jpg]
[www.kaossedgeofficial.com/img/Motherlode/Fang/018.jpg]
[www.kaossedgeofficial.com/img/Motherlode/Misc/alien_semiotic_standard_icons_by_scotch_and_soda-d351v1c.jpg]
[www.kaossedgeofficial.com/ke_ripflow/sword.html]
[www.kaossedgeofficial.com/img/roachskin/gigerbrown.jpg]
[www.kaossedgeofficial.com/img/Motherlode/Misc/Jim_Warren_Martin_Sheen.jpg]
[www.kaossedgeofficial.com/rio/2-3.a8.delayed]
[www.kaossedgeofficial.com/img/chico.gif]
[www.kaossedgeofficial.com/img/66.jpg]
[www.kaossedgeofficial.com/rio/3-1.gif]
[www.kaossedgeofficial.com/img/67.jpg]
[www.kaossedgeofficial.com/img/68.jpg]
[www.kaossedgeofficial.com/img/69.jpg]
[www.kaossedgeofficial.com/img/70.jpg]
[www.kaossedgeofficial.com/img/71.jpg]
[www.kaossedgeofficial.com/img/72.gif]
[www.kaossedgeofficial.com/img/73.jpg]
[www.kaossedgeofficial.com/img/74.jpg]
[www.kaossedgeofficial.com/img/75.jpg]
[www.kaossedgeofficial.com/img/76.jpg]
[www.kaossedgeofficial.com/img/77.jpg]
[www.kaossedgeofficial.com/img/78.jpg]
[www.kaossedgeofficial.com/img/79.jpg]
[www.kaossedgeofficial.com/img/80.jpg]
[www.kaossedgeofficial.com/rio/vertical-shadow.gif]
[www.kaossedgeofficial.com/rio/dot-clear.gif]
[www.kaossedgeofficial.com/ke_ripflow/img/Motherlode/Fang/011.jpg]
[www.kaossedgeofficial.com/rio/1953.gif]
[www.kaossedgeofficial.com/rio/timeline.gif]
[www.kaossedgeofficial.com/img/kronfab/flyer.png]
[www.kaossedgeofficial.com/rio/1969.c0.delayed]
[i.cdn.turner.com/nba/nba/teamsites/images/legacy/bulls/bird_060626.jpg]
[www.kaossedgeofficial.com/img/kronfab/IBM-logo.png]
[www.kaossedgeofficial.com/rio/1973.gif]
[www.kaossedgeofficial.com/img/kronfab/bull.png]
[www.kaossedgeofficial.com/rio/1970.c6.delayed]
[www.kaossedgeofficial.com/ke_ripflow/zone.html]
[www.kaossedgeofficial.com/rio/1974.gif]
[www.kaossedgeofficial.com/img/kronfab/bolaji.png]
[www.kaossedgeofficial.com/img/kronfab/mazewar.png]
[www.kaossedgeofficial.com/img/kronfab/kristeva.png]
[www.kaossedgeofficial.com/img/kronfab/morpho.png]
[www.kaossedgeofficial.com/img/kronfab/biohazar.png]
[www.kaossedgeofficial.com/rio/1975.ce.delayed]
[www.kaossedgeofficial.com/rio/1976.gif]
[www.kaossedgeofficial.com/rio/1977.gif]
[www.kaossedgeofficial.com/rio/1978.gif]
[www.kaossedgeofficial.com/img/kronfab/child of rage.png]
[www.kaossedgeofficial.com/rio/1979.d3.delayed]
[www.kaossedgeofficial.com/rio/1980.gif]
[www.kaossedgeofficial.com/rio/1981.gif]
[www.kaossedgeofficial.com/img/kronfab/nike.png]
[www.kaossedgeofficial.com/rio/1983.gif]
[www.kaossedgeofficial.com/img/kronfab/clinton.png]
[www.kaossedgeofficial.com/rio/1984.d9.delayed]
[www.kaossedgeofficial.com/rio/1985.gif]
[www.kaossedgeofficial.com/rio/1987.gif]
[www.kaossedgeofficial.com/img/kronfab/voidcard.png]
[www.kaossedgeofficial.com/js/plugins.js]
[www.google-analytics.com/analytics.js]
[www.kaossedgeofficial.com/js/vendor/jquery-1.11.2.min.js]
[www.kaossedgeofficial.com/ke_kronos.html]
[www.kaossedgeofficial.com/Discography (with pictures)_files/outspace.gif]
[www.kaossedgeofficial.com/img/newjank/ankhoragestudio.jpg]
[www.kaossedgeofficial.com/img/disc/hardasfuck.gif]
[www.kaossedgeofficial.com/img/newjank/micky.jpg]
[www.kaossedgeofficial.com/img/disc/doggie.png]
[www.kaossedgeofficial.com/img/newjank/sinkatstudio.jpg]
[www.kaossedgeofficial.com/img/disc/fuckedupbed.png]
[www.kaossedgeofficial.com/img/newjank/plasmaxeinventory.jpg]
[www.kaossedgeofficial.com/img/disc/businessman.png]
[www.kaossedgeofficial.com/img/newjank/malkinsproblem.jpg]
[www.kaossedgeofficial.com/img/disc/slimeman.jpg]
[www.kaossedgeofficial.com/img/newjank/idontfit.jpg]
[www.kaossedgeofficial.com/img/disc/grey.jpg]
[www.kaossedgeofficial.com/img/disc/tcre.gif]
[www.kaossedgeofficial.com/img/newjank/blade.jpg]
[www.kaossedgeofficial.com/img/disc/confrontation.png]
[www.kaossedgeofficial.com/img/newjank/anastasiasnote.jpg]
[www.kaossedgeofficial.com/img/disc/trollruins.jpg]
[www.kaossedgeofficial.com/img/newjank/keith.jpg]
[www.kaossedgeofficial.com/img/disc/bioconfused.png]
[www.kaossedgeofficial.com/media/zrea.txt]
[www.kaossedgeofficial.com/img/disc/fridgehead.png]
[www.kaossedgeofficial.com/img/disc/platitude0000.jpg]
[www.kaossedgeofficial.com/ke_ripflow/erotik.html]
[www.kaossedgeofficial.com/ke_discog.html]
[www.kaossedgeofficial.com/css/midi.css]
[www.kaossedgeofficial.com/temple/outspace.gif]
[www.kaossedgeofficial.com/temple/tos.gif]
[www.kaossedgeofficial.com/media/holdyoubyyourprettyhair.mp3]
[www.kaossedgeofficial.com/media/410757864530-DEADCOPS.mp3]
[www.kaossedgeofficial.com/img/design/bloodani.gif]
[www.kaossedgeofficial.com/media/MIDI/17 7-SPEEK.mid]
[www.kaossedgeofficial.com/.Loudspeaker.png]
[www.kaossedgeofficial.com/media/MIDI/End Theme.mid]
[www.kaossedgeofficial.com/media/MIDI/Material  Real.mid]
[www.kaossedgeofficial.com/media/MIDI/DUNE.mid]
[www.kaossedgeofficial.com/media/MIDI/OG.mid]
[www.kaossedgeofficial.com/media/MIDI/Theme  Seven.mid]
[www.kaossedgeofficial.com/media/MIDI/rif.mid]
[www.kaossedgeofficial.com/media/MIDI/Not Ethiopia - solo excerpt.mid]
[www.kaossedgeofficial.com/media/MIDI/OneOfAKind_Part_One.mid]
[www.kaossedgeofficial.com/media/MIDI/The415BE.mid]
[www.kaossedgeofficial.com/media/MIDI/USSR.mid]
[www.kaossedgeofficial.com/media/MIDI/cor ds.mid]
[www.kaossedgeofficial.com/media/MIDI/HMachisoloexcpt.mid]
[www.kaossedgeofficial.com/media/MIDI/FRK.mid]
[www.kaossedgeofficial.com/media/MIDI/Metal Fatigue (solo).mid]
[www.kaossedgeofficial.com/media/MIDI/Fred.mid]
[www.kaossedgeofficial.com/media/MIDI/chap.mid]
[www.kaossedgeofficial.com/media/MIDI/Beef Cherokee (solo).mid]
[www.kaossedgeofficial.com/media/MIDI/5 5-Zebra2.mid]
[www.kaossedgeofficial.com/.88x31.png]
[www.kaossedgeofficial.com/temple/abuttn.gif]
[www.kaossedgeofficial.com/temple/mbuttn.gif]
[www.kaossedgeofficial.com/temple/sbuttn.gif]
[www.kaossedgeofficial.com/temple/vbuttn.gif]
[www.kaossedgeofficial.com/temple/ibuttn.gif]
[www.kaossedgeofficial.com/temple/icn1.gif]
[www.kaossedgeofficial.com/temple/icn2.gif]
[www.kaossedgeofficial.com/temple/icn3.gif]
[www.kaossedgeofficial.com/temple/icn4.gif]
[www.kaossedgeofficial.com/temple/icn5.gif]
[www.kaossedgeofficial.com/temple/icn6.gif]
[www.kaossedgeofficial.com/compusa.org]
[www.kaossedgeofficial.com/temple/icn7.gif]
[www.kaossedgeofficial.com/temple/counter.html]
[www.kaossedgeofficial.com/img/alternativerealities.jpg]
[www.kaossedgeofficial.com/temple/smbswap.html]
[www.kaossedgeofficial.com/img/disc/garboitself.png]
[www.jonathanrosenbaum.net/wp-content/uploads/2009/07/manueldelanda2007.jpg]
[www.kaossedgeofficial.com/temple/styles.css]
[www.kaossedgeofficial.com/ke_hyperhall.html]
[www.kaossedgeofficial.com/img/design/contact.gif]
[www.kaossedgeofficial.com/js/main.js]
[www.kaossedgeofficial.com/ke_subscribe.html]
[www.kaossedgeofficial.com/media/boyceketrax/Kaoss Edge - Looking Glass.mp3]
[www.kaossedgeofficial.com/cdn-cgi/l/email-protection.html]
[www.kaossedgeofficial.com/css/glitch.css]
[www.kaossedgeofficial.com/ke_index.html]
[cdn.hiphopwired.com/wp-content/uploads/2014/07/jerry-heller-200x143.html]
[www.kaossedgeofficial.com/Discography (with pictures)_files/bbuttn.html]
[www.kaossedgeofficial.com/occasional.html]
[www.kaossedgeofficial.com/Discography (with pictures)_files/counter.html]
[www.kaossedgeofficial.com/Discography (with pictures)_files/smbswap.html]
[www.kaossedgeofficial.com/css/rio_main.css]
[www.kaossedgeofficial.com/img/design/levela.gif]
[www.kaossedgeofficial.com/rio/1.html]
[www.kaossedgeofficial.com/img/crypt.gif]
[s.codepen.io/assets/libs/modernizr.12c.delayed]
[www.kaossedgeofficial.com/ke_ripflow/stylesheets/bio.css]
[www.kaossedgeofficial.com/ke_ripflow/js/prefixfree.min-d.js]
[www.kaossedgeofficial.com/ke_ripflow/js/stopExecutionOnTimeout-f]
[www.kaossedgeofficial.com/ke_ripflow/flow_runes/rnztu.png]
[www.kaossedgeofficial.com/media/altered beast/Dragon_Shocking_Left.gif]
[www.kaossedgeofficial.com/img/newjank/screentest.png]
[www.kaossedgeofficial.com/img/design/tetrae.png]
[www.kaossedgeofficial.com/img/design/grono.gif]
[www.kaossedgeofficial.com/img/design/GIFs/city.gif]
[www.kaossedgeofficial.com/ke_ripflow/js/stopExecutionOnTimeout-f.js]
[www.kaossedgeofficial.com/ke_ripflow/sword.html]
[www.kaossedgeofficial.com/rio/2-3.html]
[www.kaossedgeofficial.com/rio/3-1.html]
[www.kaossedgeofficial.com/media/swordplay.txt]
[www.kaossedgeofficial.com/ke_ripflow/img/Motherlode/Fang/011.html]
[www.kaossedgeofficial.com/rio/1953.html]
[www.kaossedgeofficial.com/rio/1969.html]
[www.kaossedgeofficial.com/rio/1973.html]
[www.kaossedgeofficial.com/rio/1970.html]
[www.kaossedgeofficial.com/img/68.jpg]
[www.kaossedgeofficial.com/ke_ripflow/flow_runes/rnz.png]
[www.kaossedgeofficial.com/img/design/tumblr_n4fb3qzizt1qd1gobo1_500.gif]
[www.kaossedgeofficial.com/media/bioconfused.txt]
[www.kaossedgeofficial.com/ke_ripflow/zone.html]
[www.kaossedgeofficial.com/rio/1974.html]
[www.kaossedgeofficial.com/rio/1975.html]
[www.kaossedgeofficial.com/rio/1976.html]
[www.kaossedgeofficial.com/rio/1977.html]
[www.kaossedgeofficial.com/rio/1978.html]
[www.kaossedgeofficial.com/rio/1979.html]
[www.kaossedgeofficial.com/rio/1980.html]
[www.kaossedgeofficial.com/rio/1981.html]
[www.kaossedgeofficial.com/rio/1983.html]
[www.kaossedgeofficial.com/rio/1984.html]
[www.kaossedgeofficial.com/rio/1985.html]
[www.kaossedgeofficial.com/rio/1987.html]
[www.kaossedgeofficial.com/Discography (with pictures)_files/outspace.html]
[www.kaossedgeofficial.com/ke_ripflow/stylesheets/ie.css]
[www.kaossedgeofficial.com/ke_ripflow/stylesheets/print.css]
[www.kaossedgeofficial.com/ke_ripflow/stylesheets/screen.css]
[www.kaossedgeofficial.com/img/658.jpg]
[www.kaossedgeofficial.com/img/651nien.png]
[www.kaossedgeofficial.com/img/roachskin/hqdefault-1.jpg]
[www.kaossedgeofficial.com/img/satans backyard.png]
[www.kaossedgeofficial.com/img/Motherlode/Misc/Slime Textures/Black Alien.jpg]
[www.kaossedgeofficial.com/img/Motherlode/Misc/Slime Textures/Squids.jpg]
[www.kaossedgeofficial.com/img/Motherlode/Misc/Slime Textures/Gross.jpg]
[www.kaossedgeofficial.com/img/roachskin/xit.jpg]
[www.kaossedgeofficial.com/ke_ripflow/Rio's Attic - Timeline of a Phoenix_files/l.146.delayed]
[www.kaossedgeofficial.com/ke_ripflow/Rio's Attic - Timeline of a Phoenix_files/r.gif]
[www.kaossedgeofficial.com/media/boyceketrax/Kaoss Edge - Apparitions.mp3]
[www.kaossedgeofficial.com/img/Motherlode/Misc/03_Jean_Pierre_Targete_OnlyinNewYork.jpg]
[www.kaossedgeofficial.com/img/Motherlode/Misc/unnamed.jpg]
[www.kaossedgeofficial.com/img/Motherlode/Misc/livingcryo.jpg]
[cdn1.sbnation.com/imported_assets/575560/2010_20october_2024_2021_2027_202.jpg]
[www.kaossedgeofficial.com/img/Motherlode/Misc/Get_a_Life2_10_ZL_img0002035A.jpg]
[www.kaossedgeofficial.com/img/design/clearmorpho1.gif]
[www.kaossedgeofficial.com/ke_ripflow/absorb erot.doc]
[www.kaossedgeofficial.com/ke_ripflow/erotik.html]
[www.kaossedgeofficial.com/css/midi.css]
[www.kaossedgeofficial.com/media/410757864530-DEADCOPS.mp3]
[www.kaossedgeofficial.com/.Loudspeaker.html]
[www.kaossedgeofficial.com/.88x31.html]
[www.kaossedgeofficial.com/compusa.html]
[www.kaossedgeofficial.com/temple/t.1508fb5.delayed]
[www.kaossedgeofficial.com/temple/searcha8c1.php]
[www.kaossedgeofficial.com/temple/page431e.php]
[www.kaossedgeofficial.com/temple/counter.html]
[c.rmgserving.com/rmgpsc/7867/body-bg.gif]
[c.rmgserving.com/rmgpsc/7867/header-bg.jpg]
[d.rmgserving.com/rmgpsc/7867/logo1.png]
[d.rmgserving.com/rmgpsc/7983/frst_arr.jpg]
[a.rmgserving.com/rmgpsc/7983/last_arr.jpg]
[b.rmgserving.com/rmgpsc/7867/sep-arw.gif]
[parking.parklogic.com/page/enhanced16e.js]
[b.rmgserving.com/rmgdsc/newcafv2777d.js]
[www.kaossedgeofficial.com/temple/smbswap.html]
[www.kaossedgeofficial.com/temple/thSettingsDialog.15e.delayed]
[www.kaossedgeofficial.com/temple/thNonModalDialog.css]
[www.kaossedgeofficial.com/temple/styles.css]
[www.kaossedgeofficial.com/img/crypt.gif]
[s.codepen.io/assets/libs/modernizr.html]
[www.kaossedgeofficial.com/img/ke_kranialdayz.png]
[www.kaossedgeofficial.com/ke_ripflow/stylesheets/bio.css]
[www.kaossedgeofficial.com/ke_ripflow/js/stopExecutionOnTimeout-f.html]
[www.kaossedgeofficial.com/img/68.jpg]
[www.kaossedgeofficial.com/ke_ripflow/stylesheets/ie.css]
[www.kaossedgeofficial.com/ke_ripflow/stylesheets/print.css]
[www.kaossedgeofficial.com/ke_ripflow/stylesheets/screen.css]
[www.kaossedgeofficial.com/ke_ripflow/Rio's Attic - Timeline of a Phoenix_files/l.html]
[www.kaossedgeofficial.com/ke_ripflow/Rio's Attic - Timeline of a Phoenix_files/r.html]
[www.kaossedgeofficial.com/ke_ripflow/absorb erot.html]
[www.kaossedgeofficial.com/temple/t8fb5.html]
[www.kaossedgeofficial.com/temple/searcha8c1.html]
[www.kaossedgeofficial.com/temple/page431e.html]
[www.kaossedgeofficial.com/temple/thSettingsDialog.html]
[www.kaossedgeofficial.com/temple/thNonModalDialog.html]
[banner.linkexchange.com/blankbanner.gif]
[banner.linkexchange.com/blankbar.gif]
[ajax.googleapis.com/ajax/libs/jquery/1.11.2/jquery.min.js]
[banner.linkexchange.com/1/X466306/free.png]
[ww2.bannerswap.com/pxf60c.js]
[www.google.com/adsense/domains/caf.js]
